// Jest Snapshot v1, https://goo.gl/fbAQLP

exports[`the ProgressIndicator component should render correctly 1`] = `
<svg
  className="makeStyles-svg-1"
  height={24}
  strokeWidth="3px"
  viewBox="0 0 24 24"
  width={24}
  xmlns="http://www.w3.org/2000/svg"
>
  <circle
    className="makeStyles-innerCircle-2"
    cx={12}
    cy={12}
    r={9}
  />
  <circle
    className="makeStyles-circle-3"
    cx={12}
    cy={12}
    r={9}
  />
</svg>
`;
