// Jest Snapshot v1, https://goo.gl/fbAQLP

exports[`the ConnectionOptions component when connected to a room should render correctly 1`] = `
<WithStyles(ForwardRef(DialogContent))>
  <WithStyles(ForwardRef(Grid))
    container={true}
    spacing={2}
  >
    <WithStyles(ForwardRef(Grid))
      item={true}
      xs={12}
    >
      <WithStyles(ForwardRef(Typography))
        variant="body2"
      >
        Bandwidth Profile Settings:
      </WithStyles(ForwardRef(Typography))>
      <WithStyles(ForwardRef(Typography))
        hidden={false}
        variant="body2"
      >
        These settings cannot be changed when connected to a room.
      </WithStyles(ForwardRef(Typography))>
    </WithStyles(ForwardRef(Grid))>
    <WithStyles(ForwardRef(Grid))
      item={true}
      sm={6}
      xs={12}
    >
      <WithStyles(ForwardRef(FormControl))
        className="makeStyles-formControl-1"
      >
        <WithStyles(ForwardRef(InputLabel))
          id="dominantSpeakerPriority"
        >
          Dominant Speaker Priority:
        </WithStyles(ForwardRef(InputLabel))>
        <WithStyles(ForwardRef(Select))
          disabled={true}
          fullWidth={true}
          label="dominantSpeakerPriority"
          name="dominantSpeakerPriority"
          onChange={[Function]}
          value="standard"
        >
          <WithStyles(ForwardRef(MenuItem))
            value="low"
          >
            Low
          </WithStyles(ForwardRef(MenuItem))>
          <WithStyles(ForwardRef(MenuItem))
            value="standard"
          >
            Standard
          </WithStyles(ForwardRef(MenuItem))>
          <WithStyles(ForwardRef(MenuItem))
            value="high"
          >
            High
          </WithStyles(ForwardRef(MenuItem))>
          <WithStyles(ForwardRef(MenuItem))
            value="default"
          >
            Server Default
          </WithStyles(ForwardRef(MenuItem))>
        </WithStyles(ForwardRef(Select))>
      </WithStyles(ForwardRef(FormControl))>
      <WithStyles(ForwardRef(FormControl))
        className="makeStyles-formControl-1"
      >
        <WithStyles(ForwardRef(InputLabel))
          id="trackSwitchOffMode"
        >
          Track Switch Off Mode:
        </WithStyles(ForwardRef(InputLabel))>
        <WithStyles(ForwardRef(Select))
          disabled={true}
          fullWidth={true}
          label="trackSwitchOffMode"
          name="trackSwitchOffMode"
          onChange={[Function]}
          value="default"
        >
          <WithStyles(ForwardRef(MenuItem))
            value="predicted"
          >
            Predicted
          </WithStyles(ForwardRef(MenuItem))>
          <WithStyles(ForwardRef(MenuItem))
            value="detected"
          >
            Detected
          </WithStyles(ForwardRef(MenuItem))>
          <WithStyles(ForwardRef(MenuItem))
            value="disabled"
          >
            Disabled
          </WithStyles(ForwardRef(MenuItem))>
          <WithStyles(ForwardRef(MenuItem))
            value="default"
          >
            Server Default
          </WithStyles(ForwardRef(MenuItem))>
        </WithStyles(ForwardRef(Select))>
      </WithStyles(ForwardRef(FormControl))>
      <WithStyles(ForwardRef(FormControl))
        className="makeStyles-formControl-1"
      >
        <WithStyles(ForwardRef(InputLabel))
          id="bandwidthProfileMode"
        >
          Mode:
        </WithStyles(ForwardRef(InputLabel))>
        <WithStyles(ForwardRef(Select))
          disabled={true}
          fullWidth={true}
          label="bandwidthProfileMode"
          name="bandwidthProfileMode"
          onChange={[Function]}
          value="collaboration"
        >
          <WithStyles(ForwardRef(MenuItem))
            value="grid"
          >
            Grid
          </WithStyles(ForwardRef(MenuItem))>
          <WithStyles(ForwardRef(MenuItem))
            value="collaboration"
          >
            Collaboration
          </WithStyles(ForwardRef(MenuItem))>
          <WithStyles(ForwardRef(MenuItem))
            value="presentation"
          >
            Presentation
          </WithStyles(ForwardRef(MenuItem))>
          <WithStyles(ForwardRef(MenuItem))
            value="default"
          >
            Server Default
          </WithStyles(ForwardRef(MenuItem))>
        </WithStyles(ForwardRef(Select))>
      </WithStyles(ForwardRef(FormControl))>
      <WithStyles(ForwardRef(FormControl))
        className="makeStyles-formControl-1"
      >
        <WithStyles(ForwardRef(TextField))
          disabled={true}
          fullWidth={true}
          id="maxTracks"
          label="Max Tracks"
          name="maxTracks"
          onChange={[Function]}
          placeholder="Leave blank for no limit"
          value="10"
        />
      </WithStyles(ForwardRef(FormControl))>
      <WithStyles(ForwardRef(FormControl))
        className="makeStyles-formControl-1"
      >
        <WithStyles(ForwardRef(TextField))
          disabled={true}
          fullWidth={true}
          id="maxAudioBitrate"
          label="Max Audio Bitrate"
          name="maxAudioBitrate"
          onChange={[Function]}
          placeholder="Leave blank for no limit"
          value="16000"
        />
      </WithStyles(ForwardRef(FormControl))>
    </WithStyles(ForwardRef(Grid))>
    <WithStyles(ForwardRef(Grid))
      item={true}
      sm={6}
      xs={12}
    >
      <WithStyles(ForwardRef(FormControl))
        className="makeStyles-formControl-1"
        fullWidth={true}
      >
        <WithStyles(ForwardRef(InputLabel))
          className="makeStyles-label-2"
          id="renderDimensionLow"
        >
          Render Dimension (Low Priority):
        </WithStyles(ForwardRef(InputLabel))>
        <WithStyles(ForwardRef(Select))
          disabled={true}
          fullWidth={true}
          label="renderDimensionLow"
          name="renderDimensionLow"
          onChange={[Function]}
          value="low"
        >
          <WithStyles(ForwardRef(MenuItem))
            key="low"
            value="low"
          >
            Low (160 x 90)
          </WithStyles(ForwardRef(MenuItem))>
          <WithStyles(ForwardRef(MenuItem))
            key="cif"
            value="cif"
          >
            CIF (352 x 288)
          </WithStyles(ForwardRef(MenuItem))>
          <WithStyles(ForwardRef(MenuItem))
            key="vga"
            value="vga"
          >
            VGA (640 x 480)
          </WithStyles(ForwardRef(MenuItem))>
          <WithStyles(ForwardRef(MenuItem))
            key="wvga"
            value="wvga"
          >
            WVGA (800 x 480)
          </WithStyles(ForwardRef(MenuItem))>
          <WithStyles(ForwardRef(MenuItem))
            key="540p"
            value="540p"
          >
            HD 540P (960 x 540)
          </WithStyles(ForwardRef(MenuItem))>
          <WithStyles(ForwardRef(MenuItem))
            key="720p"
            value="720p"
          >
            HD 720P (1280 x 720)
          </WithStyles(ForwardRef(MenuItem))>
          <WithStyles(ForwardRef(MenuItem))
            key="960p"
            value="960p"
          >
            HD 960P (1280 x 960)
          </WithStyles(ForwardRef(MenuItem))>
          <WithStyles(ForwardRef(MenuItem))
            key="standard1080p"
            value="standard1080p"
          >
            HD Standard 1080P (1440 x 1080)
          </WithStyles(ForwardRef(MenuItem))>
          <WithStyles(ForwardRef(MenuItem))
            key="wide1080p"
            value="wide1080p"
          >
            HD Widescreen 1080P (1920 x 1080)
          </WithStyles(ForwardRef(MenuItem))>
          <WithStyles(ForwardRef(MenuItem))
            key="default"
            value="default"
          >
            Server Default
          </WithStyles(ForwardRef(MenuItem))>
        </WithStyles(ForwardRef(Select))>
      </WithStyles(ForwardRef(FormControl))>
      <WithStyles(ForwardRef(FormControl))
        className="makeStyles-formControl-1"
        fullWidth={true}
      >
        <WithStyles(ForwardRef(InputLabel))
          className="makeStyles-label-2"
          id="renderDimensionStandard"
        >
          Render Dimension (Standard Priority):
        </WithStyles(ForwardRef(InputLabel))>
        <WithStyles(ForwardRef(Select))
          disabled={true}
          fullWidth={true}
          label="renderDimensionStandard"
          name="renderDimensionStandard"
          onChange={[Function]}
          value="960p"
        >
          <WithStyles(ForwardRef(MenuItem))
            key="low"
            value="low"
          >
            Low (160 x 90)
          </WithStyles(ForwardRef(MenuItem))>
          <WithStyles(ForwardRef(MenuItem))
            key="cif"
            value="cif"
          >
            CIF (352 x 288)
          </WithStyles(ForwardRef(MenuItem))>
          <WithStyles(ForwardRef(MenuItem))
            key="vga"
            value="vga"
          >
            VGA (640 x 480)
          </WithStyles(ForwardRef(MenuItem))>
          <WithStyles(ForwardRef(MenuItem))
            key="wvga"
            value="wvga"
          >
            WVGA (800 x 480)
          </WithStyles(ForwardRef(MenuItem))>
          <WithStyles(ForwardRef(MenuItem))
            key="540p"
            value="540p"
          >
            HD 540P (960 x 540)
          </WithStyles(ForwardRef(MenuItem))>
          <WithStyles(ForwardRef(MenuItem))
            key="720p"
            value="720p"
          >
            HD 720P (1280 x 720)
          </WithStyles(ForwardRef(MenuItem))>
          <WithStyles(ForwardRef(MenuItem))
            key="960p"
            value="960p"
          >
            HD 960P (1280 x 960)
          </WithStyles(ForwardRef(MenuItem))>
          <WithStyles(ForwardRef(MenuItem))
            key="standard1080p"
            value="standard1080p"
          >
            HD Standard 1080P (1440 x 1080)
          </WithStyles(ForwardRef(MenuItem))>
          <WithStyles(ForwardRef(MenuItem))
            key="wide1080p"
            value="wide1080p"
          >
            HD Widescreen 1080P (1920 x 1080)
          </WithStyles(ForwardRef(MenuItem))>
          <WithStyles(ForwardRef(MenuItem))
            key="default"
            value="default"
          >
            Server Default
          </WithStyles(ForwardRef(MenuItem))>
        </WithStyles(ForwardRef(Select))>
      </WithStyles(ForwardRef(FormControl))>
      <WithStyles(ForwardRef(FormControl))
        className="makeStyles-formControl-1"
        fullWidth={true}
      >
        <WithStyles(ForwardRef(InputLabel))
          className="makeStyles-label-2"
          id="renderDimensionHigh"
        >
          Render Dimension (High Priority):
        </WithStyles(ForwardRef(InputLabel))>
        <WithStyles(ForwardRef(Select))
          disabled={true}
          fullWidth={true}
          label="renderDimensionHigh"
          name="renderDimensionHigh"
          onChange={[Function]}
          value="wide1080p"
        >
          <WithStyles(ForwardRef(MenuItem))
            key="low"
            value="low"
          >
            Low (160 x 90)
          </WithStyles(ForwardRef(MenuItem))>
          <WithStyles(ForwardRef(MenuItem))
            key="cif"
            value="cif"
          >
            CIF (352 x 288)
          </WithStyles(ForwardRef(MenuItem))>
          <WithStyles(ForwardRef(MenuItem))
            key="vga"
            value="vga"
          >
            VGA (640 x 480)
          </WithStyles(ForwardRef(MenuItem))>
          <WithStyles(ForwardRef(MenuItem))
            key="wvga"
            value="wvga"
          >
            WVGA (800 x 480)
          </WithStyles(ForwardRef(MenuItem))>
          <WithStyles(ForwardRef(MenuItem))
            key="540p"
            value="540p"
          >
            HD 540P (960 x 540)
          </WithStyles(ForwardRef(MenuItem))>
          <WithStyles(ForwardRef(MenuItem))
            key="720p"
            value="720p"
          >
            HD 720P (1280 x 720)
          </WithStyles(ForwardRef(MenuItem))>
          <WithStyles(ForwardRef(MenuItem))
            key="960p"
            value="960p"
          >
            HD 960P (1280 x 960)
          </WithStyles(ForwardRef(MenuItem))>
          <WithStyles(ForwardRef(MenuItem))
            key="standard1080p"
            value="standard1080p"
          >
            HD Standard 1080P (1440 x 1080)
          </WithStyles(ForwardRef(MenuItem))>
          <WithStyles(ForwardRef(MenuItem))
            key="wide1080p"
            value="wide1080p"
          >
            HD Widescreen 1080P (1920 x 1080)
          </WithStyles(ForwardRef(MenuItem))>
          <WithStyles(ForwardRef(MenuItem))
            key="default"
            value="default"
          >
            Server Default
          </WithStyles(ForwardRef(MenuItem))>
        </WithStyles(ForwardRef(Select))>
      </WithStyles(ForwardRef(FormControl))>
    </WithStyles(ForwardRef(Grid))>
  </WithStyles(ForwardRef(Grid))>
</WithStyles(ForwardRef(DialogContent))>
`;

exports[`the ConnectionOptions component when not connected to a room should render correctly 1`] = `
<WithStyles(ForwardRef(DialogContent))>
  <WithStyles(ForwardRef(Grid))
    container={true}
    spacing={2}
  >
    <WithStyles(ForwardRef(Grid))
      item={true}
      xs={12}
    >
      <WithStyles(ForwardRef(Typography))
        variant="body2"
      >
        Bandwidth Profile Settings:
      </WithStyles(ForwardRef(Typography))>
      <WithStyles(ForwardRef(Typography))
        hidden={false}
        variant="body2"
      >
        These settings cannot be changed when connected to a room.
      </WithStyles(ForwardRef(Typography))>
    </WithStyles(ForwardRef(Grid))>
    <WithStyles(ForwardRef(Grid))
      item={true}
      sm={6}
      xs={12}
    >
      <WithStyles(ForwardRef(FormControl))
        className="makeStyles-formControl-1"
      >
        <WithStyles(ForwardRef(InputLabel))
          id="dominantSpeakerPriority"
        >
          Dominant Speaker Priority:
        </WithStyles(ForwardRef(InputLabel))>
        <WithStyles(ForwardRef(Select))
          disabled={true}
          fullWidth={true}
          label="dominantSpeakerPriority"
          name="dominantSpeakerPriority"
          onChange={[Function]}
          value="standard"
        >
          <WithStyles(ForwardRef(MenuItem))
            value="low"
          >
            Low
          </WithStyles(ForwardRef(MenuItem))>
          <WithStyles(ForwardRef(MenuItem))
            value="standard"
          >
            Standard
          </WithStyles(ForwardRef(MenuItem))>
          <WithStyles(ForwardRef(MenuItem))
            value="high"
          >
            High
          </WithStyles(ForwardRef(MenuItem))>
          <WithStyles(ForwardRef(MenuItem))
            value="default"
          >
            Server Default
          </WithStyles(ForwardRef(MenuItem))>
        </WithStyles(ForwardRef(Select))>
      </WithStyles(ForwardRef(FormControl))>
      <WithStyles(ForwardRef(FormControl))
        className="makeStyles-formControl-1"
      >
        <WithStyles(ForwardRef(InputLabel))
          id="trackSwitchOffMode"
        >
          Track Switch Off Mode:
        </WithStyles(ForwardRef(InputLabel))>
        <WithStyles(ForwardRef(Select))
          disabled={true}
          fullWidth={true}
          label="trackSwitchOffMode"
          name="trackSwitchOffMode"
          onChange={[Function]}
          value="default"
        >
          <WithStyles(ForwardRef(MenuItem))
            value="predicted"
          >
            Predicted
          </WithStyles(ForwardRef(MenuItem))>
          <WithStyles(ForwardRef(MenuItem))
            value="detected"
          >
            Detected
          </WithStyles(ForwardRef(MenuItem))>
          <WithStyles(ForwardRef(MenuItem))
            value="disabled"
          >
            Disabled
          </WithStyles(ForwardRef(MenuItem))>
          <WithStyles(ForwardRef(MenuItem))
            value="default"
          >
            Server Default
          </WithStyles(ForwardRef(MenuItem))>
        </WithStyles(ForwardRef(Select))>
      </WithStyles(ForwardRef(FormControl))>
      <WithStyles(ForwardRef(FormControl))
        className="makeStyles-formControl-1"
      >
        <WithStyles(ForwardRef(InputLabel))
          id="bandwidthProfileMode"
        >
          Mode:
        </WithStyles(ForwardRef(InputLabel))>
        <WithStyles(ForwardRef(Select))
          disabled={true}
          fullWidth={true}
          label="bandwidthProfileMode"
          name="bandwidthProfileMode"
          onChange={[Function]}
          value="collaboration"
        >
          <WithStyles(ForwardRef(MenuItem))
            value="grid"
          >
            Grid
          </WithStyles(ForwardRef(MenuItem))>
          <WithStyles(ForwardRef(MenuItem))
            value="collaboration"
          >
            Collaboration
          </WithStyles(ForwardRef(MenuItem))>
          <WithStyles(ForwardRef(MenuItem))
            value="presentation"
          >
            Presentation
          </WithStyles(ForwardRef(MenuItem))>
          <WithStyles(ForwardRef(MenuItem))
            value="default"
          >
            Server Default
          </WithStyles(ForwardRef(MenuItem))>
        </WithStyles(ForwardRef(Select))>
      </WithStyles(ForwardRef(FormControl))>
      <WithStyles(ForwardRef(FormControl))
        className="makeStyles-formControl-1"
      >
        <WithStyles(ForwardRef(TextField))
          disabled={true}
          fullWidth={true}
          id="maxTracks"
          label="Max Tracks"
          name="maxTracks"
          onChange={[Function]}
          placeholder="Leave blank for no limit"
          value="10"
        />
      </WithStyles(ForwardRef(FormControl))>
      <WithStyles(ForwardRef(FormControl))
        className="makeStyles-formControl-1"
      >
        <WithStyles(ForwardRef(TextField))
          disabled={true}
          fullWidth={true}
          id="maxAudioBitrate"
          label="Max Audio Bitrate"
          name="maxAudioBitrate"
          onChange={[Function]}
          placeholder="Leave blank for no limit"
          value="16000"
        />
      </WithStyles(ForwardRef(FormControl))>
    </WithStyles(ForwardRef(Grid))>
    <WithStyles(ForwardRef(Grid))
      item={true}
      sm={6}
      xs={12}
    >
      <WithStyles(ForwardRef(FormControl))
        className="makeStyles-formControl-1"
        fullWidth={true}
      >
        <WithStyles(ForwardRef(InputLabel))
          className="makeStyles-label-2"
          id="renderDimensionLow"
        >
          Render Dimension (Low Priority):
        </WithStyles(ForwardRef(InputLabel))>
        <WithStyles(ForwardRef(Select))
          disabled={true}
          fullWidth={true}
          label="renderDimensionLow"
          name="renderDimensionLow"
          onChange={[Function]}
          value="low"
        >
          <WithStyles(ForwardRef(MenuItem))
            key="low"
            value="low"
          >
            Low (160 x 90)
          </WithStyles(ForwardRef(MenuItem))>
          <WithStyles(ForwardRef(MenuItem))
            key="cif"
            value="cif"
          >
            CIF (352 x 288)
          </WithStyles(ForwardRef(MenuItem))>
          <WithStyles(ForwardRef(MenuItem))
            key="vga"
            value="vga"
          >
            VGA (640 x 480)
          </WithStyles(ForwardRef(MenuItem))>
          <WithStyles(ForwardRef(MenuItem))
            key="wvga"
            value="wvga"
          >
            WVGA (800 x 480)
          </WithStyles(ForwardRef(MenuItem))>
          <WithStyles(ForwardRef(MenuItem))
            key="540p"
            value="540p"
          >
            HD 540P (960 x 540)
          </WithStyles(ForwardRef(MenuItem))>
          <WithStyles(ForwardRef(MenuItem))
            key="720p"
            value="720p"
          >
            HD 720P (1280 x 720)
          </WithStyles(ForwardRef(MenuItem))>
          <WithStyles(ForwardRef(MenuItem))
            key="960p"
            value="960p"
          >
            HD 960P (1280 x 960)
          </WithStyles(ForwardRef(MenuItem))>
          <WithStyles(ForwardRef(MenuItem))
            key="standard1080p"
            value="standard1080p"
          >
            HD Standard 1080P (1440 x 1080)
          </WithStyles(ForwardRef(MenuItem))>
          <WithStyles(ForwardRef(MenuItem))
            key="wide1080p"
            value="wide1080p"
          >
            HD Widescreen 1080P (1920 x 1080)
          </WithStyles(ForwardRef(MenuItem))>
          <WithStyles(ForwardRef(MenuItem))
            key="default"
            value="default"
          >
            Server Default
          </WithStyles(ForwardRef(MenuItem))>
        </WithStyles(ForwardRef(Select))>
      </WithStyles(ForwardRef(FormControl))>
      <WithStyles(ForwardRef(FormControl))
        className="makeStyles-formControl-1"
        fullWidth={true}
      >
        <WithStyles(ForwardRef(InputLabel))
          className="makeStyles-label-2"
          id="renderDimensionStandard"
        >
          Render Dimension (Standard Priority):
        </WithStyles(ForwardRef(InputLabel))>
        <WithStyles(ForwardRef(Select))
          disabled={true}
          fullWidth={true}
          label="renderDimensionStandard"
          name="renderDimensionStandard"
          onChange={[Function]}
          value="960p"
        >
          <WithStyles(ForwardRef(MenuItem))
            key="low"
            value="low"
          >
            Low (160 x 90)
          </WithStyles(ForwardRef(MenuItem))>
          <WithStyles(ForwardRef(MenuItem))
            key="cif"
            value="cif"
          >
            CIF (352 x 288)
          </WithStyles(ForwardRef(MenuItem))>
          <WithStyles(ForwardRef(MenuItem))
            key="vga"
            value="vga"
          >
            VGA (640 x 480)
          </WithStyles(ForwardRef(MenuItem))>
          <WithStyles(ForwardRef(MenuItem))
            key="wvga"
            value="wvga"
          >
            WVGA (800 x 480)
          </WithStyles(ForwardRef(MenuItem))>
          <WithStyles(ForwardRef(MenuItem))
            key="540p"
            value="540p"
          >
            HD 540P (960 x 540)
          </WithStyles(ForwardRef(MenuItem))>
          <WithStyles(ForwardRef(MenuItem))
            key="720p"
            value="720p"
          >
            HD 720P (1280 x 720)
          </WithStyles(ForwardRef(MenuItem))>
          <WithStyles(ForwardRef(MenuItem))
            key="960p"
            value="960p"
          >
            HD 960P (1280 x 960)
          </WithStyles(ForwardRef(MenuItem))>
          <WithStyles(ForwardRef(MenuItem))
            key="standard1080p"
            value="standard1080p"
          >
            HD Standard 1080P (1440 x 1080)
          </WithStyles(ForwardRef(MenuItem))>
          <WithStyles(ForwardRef(MenuItem))
            key="wide1080p"
            value="wide1080p"
          >
            HD Widescreen 1080P (1920 x 1080)
          </WithStyles(ForwardRef(MenuItem))>
          <WithStyles(ForwardRef(MenuItem))
            key="default"
            value="default"
          >
            Server Default
          </WithStyles(ForwardRef(MenuItem))>
        </WithStyles(ForwardRef(Select))>
      </WithStyles(ForwardRef(FormControl))>
      <WithStyles(ForwardRef(FormControl))
        className="makeStyles-formControl-1"
        fullWidth={true}
      >
        <WithStyles(ForwardRef(InputLabel))
          className="makeStyles-label-2"
          id="renderDimensionHigh"
        >
          Render Dimension (High Priority):
        </WithStyles(ForwardRef(InputLabel))>
        <WithStyles(ForwardRef(Select))
          disabled={true}
          fullWidth={true}
          label="renderDimensionHigh"
          name="renderDimensionHigh"
          onChange={[Function]}
          value="wide1080p"
        >
          <WithStyles(ForwardRef(MenuItem))
            key="low"
            value="low"
          >
            Low (160 x 90)
          </WithStyles(ForwardRef(MenuItem))>
          <WithStyles(ForwardRef(MenuItem))
            key="cif"
            value="cif"
          >
            CIF (352 x 288)
          </WithStyles(ForwardRef(MenuItem))>
          <WithStyles(ForwardRef(MenuItem))
            key="vga"
            value="vga"
          >
            VGA (640 x 480)
          </WithStyles(ForwardRef(MenuItem))>
          <WithStyles(ForwardRef(MenuItem))
            key="wvga"
            value="wvga"
          >
            WVGA (800 x 480)
          </WithStyles(ForwardRef(MenuItem))>
          <WithStyles(ForwardRef(MenuItem))
            key="540p"
            value="540p"
          >
            HD 540P (960 x 540)
          </WithStyles(ForwardRef(MenuItem))>
          <WithStyles(ForwardRef(MenuItem))
            key="720p"
            value="720p"
          >
            HD 720P (1280 x 720)
          </WithStyles(ForwardRef(MenuItem))>
          <WithStyles(ForwardRef(MenuItem))
            key="960p"
            value="960p"
          >
            HD 960P (1280 x 960)
          </WithStyles(ForwardRef(MenuItem))>
          <WithStyles(ForwardRef(MenuItem))
            key="standard1080p"
            value="standard1080p"
          >
            HD Standard 1080P (1440 x 1080)
          </WithStyles(ForwardRef(MenuItem))>
          <WithStyles(ForwardRef(MenuItem))
            key="wide1080p"
            value="wide1080p"
          >
            HD Widescreen 1080P (1920 x 1080)
          </WithStyles(ForwardRef(MenuItem))>
          <WithStyles(ForwardRef(MenuItem))
            key="default"
            value="default"
          >
            Server Default
          </WithStyles(ForwardRef(MenuItem))>
        </WithStyles(ForwardRef(Select))>
      </WithStyles(ForwardRef(FormControl))>
    </WithStyles(ForwardRef(Grid))>
  </WithStyles(ForwardRef(Grid))>
</WithStyles(ForwardRef(DialogContent))>
`;
