// Jest Snapshot v1, https://goo.gl/fbAQLP

exports[`the ConnectionOptionsDialog component when connected to a room should render correctly 1`] = `
<WithStyles(ForwardRef(Dialog))
  classes={
    Object {
      "paper": "makeStyles-paper-3",
    }
  }
  onClose={[Function]}
  open={true}
>
  <WithStyles(ForwardRef(DialogTitle))>
    Connection Settings
  </WithStyles(ForwardRef(DialogTitle))>
  <WithStyles(ForwardRef(Divider)) />
  <WithStyles(ForwardRef(DialogContent))
    className="makeStyles-container-1"
  >
    <WithStyles(ForwardRef(Grid))
      container={true}
      spacing={2}
    >
      <WithStyles(ForwardRef(Grid))
        item={true}
        xs={12}
      >
        <WithStyles(ForwardRef(Typography))
          hidden={false}
          variant="body2"
        >
          These settings cannot be changed when connected to a room.
        </WithStyles(ForwardRef(Typography))>
      </WithStyles(ForwardRef(Grid))>
      <WithStyles(ForwardRef(Grid))
        item={true}
        sm={6}
        xs={12}
      >
        <WithStyles(ForwardRef(FormControl))
          className="makeStyles-formControl-4"
        >
          <WithStyles(ForwardRef(InputLabel))
            id="dominantSpeakerPriority"
          >
            Dominant Speaker Priority:
          </WithStyles(ForwardRef(InputLabel))>
          <WithStyles(ForwardRef(Select))
            disabled={true}
            fullWidth={true}
            label="dominantSpeakerPriority"
            name="dominantSpeakerPriority"
            onChange={[Function]}
            value="standard"
          >
            <WithStyles(ForwardRef(MenuItem))
              value="low"
            >
              Low
            </WithStyles(ForwardRef(MenuItem))>
            <WithStyles(ForwardRef(MenuItem))
              value="standard"
            >
              Standard
            </WithStyles(ForwardRef(MenuItem))>
            <WithStyles(ForwardRef(MenuItem))
              value="high"
            >
              High
            </WithStyles(ForwardRef(MenuItem))>
            <WithStyles(ForwardRef(MenuItem))
              value="default"
            >
              Server Default
            </WithStyles(ForwardRef(MenuItem))>
          </WithStyles(ForwardRef(Select))>
        </WithStyles(ForwardRef(FormControl))>
        <WithStyles(ForwardRef(FormControl))
          className="makeStyles-formControl-4"
        >
          <WithStyles(ForwardRef(InputLabel))
            id="trackSwitchOffMode"
          >
            Track Switch Off Mode:
          </WithStyles(ForwardRef(InputLabel))>
          <WithStyles(ForwardRef(Select))
            disabled={true}
            fullWidth={true}
            label="trackSwitchOffMode"
            name="trackSwitchOffMode"
            onChange={[Function]}
            value="default"
          >
            <WithStyles(ForwardRef(MenuItem))
              value="predicted"
            >
              Predicted
            </WithStyles(ForwardRef(MenuItem))>
            <WithStyles(ForwardRef(MenuItem))
              value="detected"
            >
              Detected
            </WithStyles(ForwardRef(MenuItem))>
            <WithStyles(ForwardRef(MenuItem))
              value="disabled"
            >
              Disabled
            </WithStyles(ForwardRef(MenuItem))>
            <WithStyles(ForwardRef(MenuItem))
              value="default"
            >
              Server Default
            </WithStyles(ForwardRef(MenuItem))>
          </WithStyles(ForwardRef(Select))>
        </WithStyles(ForwardRef(FormControl))>
        <WithStyles(ForwardRef(FormControl))
          className="makeStyles-formControl-4"
        >
          <WithStyles(ForwardRef(InputLabel))
            id="bandwidthProfileMode"
          >
            Mode:
          </WithStyles(ForwardRef(InputLabel))>
          <WithStyles(ForwardRef(Select))
            disabled={true}
            fullWidth={true}
            label="bandwidthProfileMode"
            name="bandwidthProfileMode"
            onChange={[Function]}
            value="collaboration"
          >
            <WithStyles(ForwardRef(MenuItem))
              value="grid"
            >
              Grid
            </WithStyles(ForwardRef(MenuItem))>
            <WithStyles(ForwardRef(MenuItem))
              value="collaboration"
            >
              Collaboration
            </WithStyles(ForwardRef(MenuItem))>
            <WithStyles(ForwardRef(MenuItem))
              value="presentation"
            >
              Presentation
            </WithStyles(ForwardRef(MenuItem))>
            <WithStyles(ForwardRef(MenuItem))
              value="default"
            >
              Server Default
            </WithStyles(ForwardRef(MenuItem))>
          </WithStyles(ForwardRef(Select))>
        </WithStyles(ForwardRef(FormControl))>
      </WithStyles(ForwardRef(Grid))>
      <WithStyles(ForwardRef(Grid))
        item={true}
        sm={6}
        xs={12}
      >
        <WithStyles(ForwardRef(FormControl))
          className="makeStyles-formControl-4"
        >
          <WithStyles(ForwardRef(InputLabel))
            id="clientTrackSwitchOffControl"
          >
            Client Track Switch Off Control:
          </WithStyles(ForwardRef(InputLabel))>
          <WithStyles(ForwardRef(Select))
            disabled={true}
            fullWidth={true}
            label="clientTrackSwitchOffControl"
            name="clientTrackSwitchOffControl"
            onChange={[Function]}
            value="auto"
          >
            <WithStyles(ForwardRef(MenuItem))
              value="auto"
            >
              Auto
            </WithStyles(ForwardRef(MenuItem))>
            <WithStyles(ForwardRef(MenuItem))
              value="manual"
            >
              Manual
            </WithStyles(ForwardRef(MenuItem))>
            <WithStyles(ForwardRef(MenuItem))
              value="default"
            >
              Default
            </WithStyles(ForwardRef(MenuItem))>
          </WithStyles(ForwardRef(Select))>
        </WithStyles(ForwardRef(FormControl))>
        <WithStyles(ForwardRef(FormControl))
          className="makeStyles-formControl-4"
        >
          <WithStyles(ForwardRef(InputLabel))
            id="contentPreferencesMode"
          >
            Content Preferences Mode:
          </WithStyles(ForwardRef(InputLabel))>
          <WithStyles(ForwardRef(Select))
            disabled={true}
            fullWidth={true}
            label="contentPreferencesMode"
            name="contentPreferencesMode"
            onChange={[Function]}
            value="auto"
          >
            <WithStyles(ForwardRef(MenuItem))
              value="auto"
            >
              Auto
            </WithStyles(ForwardRef(MenuItem))>
            <WithStyles(ForwardRef(MenuItem))
              value="manual"
            >
              Manual
            </WithStyles(ForwardRef(MenuItem))>
            <WithStyles(ForwardRef(MenuItem))
              value="default"
            >
              Default
            </WithStyles(ForwardRef(MenuItem))>
          </WithStyles(ForwardRef(Select))>
        </WithStyles(ForwardRef(FormControl))>
        <WithStyles(ForwardRef(FormControl))
          className="makeStyles-formControl-4"
        >
          <WithStyles(ForwardRef(TextField))
            disabled={true}
            fullWidth={true}
            id="maxAudioBitrate"
            label="Max Audio Bitrate"
            name="maxAudioBitrate"
            onChange={[Function]}
            placeholder="Leave blank for no limit"
            value="16000"
          />
        </WithStyles(ForwardRef(FormControl))>
      </WithStyles(ForwardRef(Grid))>
    </WithStyles(ForwardRef(Grid))>
  </WithStyles(ForwardRef(DialogContent))>
  <WithStyles(ForwardRef(Divider)) />
  <WithStyles(ForwardRef(DialogActions))>
    <WithStyles(ForwardRef(Button))
      className="makeStyles-button-2"
      color="primary"
      onClick={[Function]}
      variant="contained"
    >
      Done
    </WithStyles(ForwardRef(Button))>
  </WithStyles(ForwardRef(DialogActions))>
</WithStyles(ForwardRef(Dialog))>
`;

exports[`the ConnectionOptionsDialog component when not connected to a room should render correctly 1`] = `
<WithStyles(ForwardRef(Dialog))
  classes={
    Object {
      "paper": "makeStyles-paper-3",
    }
  }
  onClose={[Function]}
  open={true}
>
  <WithStyles(ForwardRef(DialogTitle))>
    Connection Settings
  </WithStyles(ForwardRef(DialogTitle))>
  <WithStyles(ForwardRef(Divider)) />
  <WithStyles(ForwardRef(DialogContent))
    className="makeStyles-container-1"
  >
    <WithStyles(ForwardRef(Grid))
      container={true}
      spacing={2}
    >
      <WithStyles(ForwardRef(Grid))
        item={true}
        xs={12}
      >
        <WithStyles(ForwardRef(Typography))
          hidden={false}
          variant="body2"
        >
          These settings cannot be changed when connected to a room.
        </WithStyles(ForwardRef(Typography))>
      </WithStyles(ForwardRef(Grid))>
      <WithStyles(ForwardRef(Grid))
        item={true}
        sm={6}
        xs={12}
      >
        <WithStyles(ForwardRef(FormControl))
          className="makeStyles-formControl-4"
        >
          <WithStyles(ForwardRef(InputLabel))
            id="dominantSpeakerPriority"
          >
            Dominant Speaker Priority:
          </WithStyles(ForwardRef(InputLabel))>
          <WithStyles(ForwardRef(Select))
            disabled={true}
            fullWidth={true}
            label="dominantSpeakerPriority"
            name="dominantSpeakerPriority"
            onChange={[Function]}
            value="standard"
          >
            <WithStyles(ForwardRef(MenuItem))
              value="low"
            >
              Low
            </WithStyles(ForwardRef(MenuItem))>
            <WithStyles(ForwardRef(MenuItem))
              value="standard"
            >
              Standard
            </WithStyles(ForwardRef(MenuItem))>
            <WithStyles(ForwardRef(MenuItem))
              value="high"
            >
              High
            </WithStyles(ForwardRef(MenuItem))>
            <WithStyles(ForwardRef(MenuItem))
              value="default"
            >
              Server Default
            </WithStyles(ForwardRef(MenuItem))>
          </WithStyles(ForwardRef(Select))>
        </WithStyles(ForwardRef(FormControl))>
        <WithStyles(ForwardRef(FormControl))
          className="makeStyles-formControl-4"
        >
          <WithStyles(ForwardRef(InputLabel))
            id="trackSwitchOffMode"
          >
            Track Switch Off Mode:
          </WithStyles(ForwardRef(InputLabel))>
          <WithStyles(ForwardRef(Select))
            disabled={true}
            fullWidth={true}
            label="trackSwitchOffMode"
            name="trackSwitchOffMode"
            onChange={[Function]}
            value="default"
          >
            <WithStyles(ForwardRef(MenuItem))
              value="predicted"
            >
              Predicted
            </WithStyles(ForwardRef(MenuItem))>
            <WithStyles(ForwardRef(MenuItem))
              value="detected"
            >
              Detected
            </WithStyles(ForwardRef(MenuItem))>
            <WithStyles(ForwardRef(MenuItem))
              value="disabled"
            >
              Disabled
            </WithStyles(ForwardRef(MenuItem))>
            <WithStyles(ForwardRef(MenuItem))
              value="default"
            >
              Server Default
            </WithStyles(ForwardRef(MenuItem))>
          </WithStyles(ForwardRef(Select))>
        </WithStyles(ForwardRef(FormControl))>
        <WithStyles(ForwardRef(FormControl))
          className="makeStyles-formControl-4"
        >
          <WithStyles(ForwardRef(InputLabel))
            id="bandwidthProfileMode"
          >
            Mode:
          </WithStyles(ForwardRef(InputLabel))>
          <WithStyles(ForwardRef(Select))
            disabled={true}
            fullWidth={true}
            label="bandwidthProfileMode"
            name="bandwidthProfileMode"
            onChange={[Function]}
            value="collaboration"
          >
            <WithStyles(ForwardRef(MenuItem))
              value="grid"
            >
              Grid
            </WithStyles(ForwardRef(MenuItem))>
            <WithStyles(ForwardRef(MenuItem))
              value="collaboration"
            >
              Collaboration
            </WithStyles(ForwardRef(MenuItem))>
            <WithStyles(ForwardRef(MenuItem))
              value="presentation"
            >
              Presentation
            </WithStyles(ForwardRef(MenuItem))>
            <WithStyles(ForwardRef(MenuItem))
              value="default"
            >
              Server Default
            </WithStyles(ForwardRef(MenuItem))>
          </WithStyles(ForwardRef(Select))>
        </WithStyles(ForwardRef(FormControl))>
      </WithStyles(ForwardRef(Grid))>
      <WithStyles(ForwardRef(Grid))
        item={true}
        sm={6}
        xs={12}
      >
        <WithStyles(ForwardRef(FormControl))
          className="makeStyles-formControl-4"
        >
          <WithStyles(ForwardRef(InputLabel))
            id="clientTrackSwitchOffControl"
          >
            Client Track Switch Off Control:
          </WithStyles(ForwardRef(InputLabel))>
          <WithStyles(ForwardRef(Select))
            disabled={true}
            fullWidth={true}
            label="clientTrackSwitchOffControl"
            name="clientTrackSwitchOffControl"
            onChange={[Function]}
            value="auto"
          >
            <WithStyles(ForwardRef(MenuItem))
              value="auto"
            >
              Auto
            </WithStyles(ForwardRef(MenuItem))>
            <WithStyles(ForwardRef(MenuItem))
              value="manual"
            >
              Manual
            </WithStyles(ForwardRef(MenuItem))>
            <WithStyles(ForwardRef(MenuItem))
              value="default"
            >
              Default
            </WithStyles(ForwardRef(MenuItem))>
          </WithStyles(ForwardRef(Select))>
        </WithStyles(ForwardRef(FormControl))>
        <WithStyles(ForwardRef(FormControl))
          className="makeStyles-formControl-4"
        >
          <WithStyles(ForwardRef(InputLabel))
            id="contentPreferencesMode"
          >
            Content Preferences Mode:
          </WithStyles(ForwardRef(InputLabel))>
          <WithStyles(ForwardRef(Select))
            disabled={true}
            fullWidth={true}
            label="contentPreferencesMode"
            name="contentPreferencesMode"
            onChange={[Function]}
            value="auto"
          >
            <WithStyles(ForwardRef(MenuItem))
              value="auto"
            >
              Auto
            </WithStyles(ForwardRef(MenuItem))>
            <WithStyles(ForwardRef(MenuItem))
              value="manual"
            >
              Manual
            </WithStyles(ForwardRef(MenuItem))>
            <WithStyles(ForwardRef(MenuItem))
              value="default"
            >
              Default
            </WithStyles(ForwardRef(MenuItem))>
          </WithStyles(ForwardRef(Select))>
        </WithStyles(ForwardRef(FormControl))>
        <WithStyles(ForwardRef(FormControl))
          className="makeStyles-formControl-4"
        >
          <WithStyles(ForwardRef(TextField))
            disabled={true}
            fullWidth={true}
            id="maxAudioBitrate"
            label="Max Audio Bitrate"
            name="maxAudioBitrate"
            onChange={[Function]}
            placeholder="Leave blank for no limit"
            value="16000"
          />
        </WithStyles(ForwardRef(FormControl))>
      </WithStyles(ForwardRef(Grid))>
    </WithStyles(ForwardRef(Grid))>
  </WithStyles(ForwardRef(DialogContent))>
  <WithStyles(ForwardRef(Divider)) />
  <WithStyles(ForwardRef(DialogActions))>
    <WithStyles(ForwardRef(Button))
      className="makeStyles-button-2"
      color="primary"
      onClick={[Function]}
      variant="contained"
    >
      Done
    </WithStyles(ForwardRef(Button))>
  </WithStyles(ForwardRef(DialogActions))>
</WithStyles(ForwardRef(Dialog))>
`;
