// Jest Snapshot v1, https://goo.gl/fbAQLP

exports[`the GalleryView component should render correctly 1`] = `
<div
  className="makeStyles-container-1"
>
  <div
    className="makeStyles-buttonContainer-3 makeStyles-buttonContainerLeft-4"
  >
    <WithStyles(ForwardRef(IconButton))
      className="makeStyles-paginationButton-7"
      onClick={[Function]}
    >
      <Memo(ForwardRef(ArrowBackIcon)) />
    </WithStyles(ForwardRef(IconButton))>
  </div>
  <div
    className="makeStyles-buttonContainer-3 makeStyles-buttonContainerRight-5"
  >
    <WithStyles(ForwardRef(IconButton))
      className="makeStyles-paginationButton-7"
      onClick={[Function]}
    >
      <Memo(ForwardRef(ArrowForwardIcon)) />
    </WithStyles(ForwardRef(IconButton))>
  </div>
  <div
    className="makeStyles-paginationContainer-8"
  >
    <WithStyles(ForwardRef(Pagination))
      className="makeStyles-pagination-6"
      color="primary"
      count={4}
      hideNextButton={true}
      hidePrevButton={true}
      onChange={[Function]}
      page={2}
      shape="rounded"
      size="small"
    />
  </div>
  <div
    className="makeStyles-participantContainer-2"
  >
    <div
      key="0"
      style={
        Object {
          "height": "405px",
          "margin": 3,
          "width": "720px",
        }
      }
    >
      <Memo(Participant)
        isDominantSpeaker={false}
        isLocalParticipant={true}
        participant={
          Object {
            "identity": "test-local-participant",
            "sid": 0,
          }
        }
      />
    </div>
    <div
      key="1"
      style={
        Object {
          "height": "405px",
          "margin": 3,
          "width": "720px",
        }
      }
    >
      <Memo(Participant)
        isDominantSpeaker={false}
        isLocalParticipant={false}
        participant={
          Object {
            "identity": "test-participant-1",
            "sid": 1,
          }
        }
      />
    </div>
    <div
      key="2"
      style={
        Object {
          "height": "405px",
          "margin": 3,
          "width": "720px",
        }
      }
    >
      <Memo(Participant)
        isDominantSpeaker={false}
        isLocalParticipant={false}
        participant={
          Object {
            "identity": "test-participant-2",
            "sid": 2,
          }
        }
      />
    </div>
    <div
      key="3"
      style={
        Object {
          "height": "405px",
          "margin": 3,
          "width": "720px",
        }
      }
    >
      <Memo(Participant)
        isDominantSpeaker={false}
        isLocalParticipant={false}
        participant={
          Object {
            "identity": "test-participant-3",
            "sid": 3,
          }
        }
      />
    </div>
    <div
      key="4"
      style={
        Object {
          "height": "405px",
          "margin": 3,
          "width": "720px",
        }
      }
    >
      <Memo(Participant)
        isDominantSpeaker={false}
        isLocalParticipant={false}
        participant={
          Object {
            "identity": "test-participant-4",
            "sid": 4,
          }
        }
      />
    </div>
  </div>
</div>
`;
