// Jest Snapshot v1, https://goo.gl/fbAQLP

exports[`the ParticipantStrip component should correctly render ParticipantInfo components 1`] = `
<Styled(aside)>
  <Styled(div)>
    <Participant
      isSelected={false}
      onClick={[Function]}
      participant="localParticipant"
    />
    <Participant
      isSelected={false}
      key="0"
      onClick={[Function]}
      participant={
        Object {
          "sid": 0,
        }
      }
    />
    <Participant
      isSelected={false}
      key="1"
      onClick={[Function]}
      participant={
        Object {
          "sid": 1,
        }
      }
    />
  </Styled(div)>
</Styled(aside)>
`;
